[relieved-presentations-502462.framer.app/index.html]
[backblue.gif]
[fade.gif]
[index.html]
[framerusercontent.com/sites/icons/default-favicon-light.v1.png]
[framerusercontent.com/sites/icons/default-favicon-dark.v1.png]
[framerusercontent.com/sites/icons/default-touch-icon.v3.png]
[framerusercontent.com/images/7FvXTXDvcrscsmgigwRfrkO66Bo.png]
[framerusercontent.com/images/MxxsQkXYytG9rQcn5fV6mTsDg.png]
[framerusercontent.com/images/BRhusfvrW0vyCO1Cii703HFoaE.jpg]
[framerusercontent.com/images/5bVTKAzWgskbSNesEcsBirkwszE.png]
[framerusercontent.com/images/XN2IebrFzjLjYxnmSbAwAnN8IA.png]
[framerusercontent.com/images/iO33VORIylsBdghr812FAgROcQ.png]
[framerusercontent.com/images/LSb50tAnZIbC4t1bjEeqzkCrME.png]
[framerusercontent.com/images/aL9myM8g7sCrbWZUhkeJyOBUzSc.png]
[framerusercontent.com/images/paQAo4vGrXqiEF0WvZvSjqX34PA.png]
[framerusercontent.com/images/qTx7HAXZLJjMe00RTqNA4ueddDs.png]
[framerusercontent.com/images/hTqEkDkHjAe0b0osI1R40F1IT4.png]
[framerusercontent.com/images/z6ACRhQL8PPjMboRNkyupDKVw.png]
[framerusercontent.com/images/TmDwoRQsW8NtqQVxQt3ze5M50.png]
[framerusercontent.com/images/XUmykimPM8WccwmK45qyZrFtEU.png]
[framerusercontent.com/images/vBrxD9Uk03TkWVOWZ1X8WZ2aY.png]
[framerusercontent.com/images/HBLrcDpIszjmnIpPGpG1hS4prwU.png]
[framerusercontent.com/images/UOxur1pkUnoQlMIBAjbn2YzU48o.png]
[framerusercontent.com/images/RVc2gFwvwxEXM9pCRR8EUGCczlU.png]
[framerusercontent.com/images/X7NPPiCh1mrhkxHU6UVSpIX3ja0.png]
[framerusercontent.com/images/YMuveSFlG980nh8CMQ9bhNs0p8.png]
[framerusercontent.com/images/z9VkUUCovWg51IX78sC5DLCzE.png]
[framerusercontent.com/images/Flvm3Pbzln8NLVqMYtOlmxuDzc.png]
[framerusercontent.com/images/GvWlx00GYtCsHKfWBSDM33w6dg.png]
[framerusercontent.com/images/TO0opjahWEnncapCG0ZgcamePLc.png]
[framerusercontent.com/images/3MfYCBS7VmE0GolANCZt4j8DI.png]
[relieved-presentations-502462.framer.app/index.html]
